// Jest Snapshot v1, https://goo.gl/fbAQLP

exports[`App snapshots 1`] = `
<div
  className="App"
>
  <form
    className="my-form"
    onSubmit={[Function]}
  >
    <input
      onChange={[Function]}
      type="text"
      value="redux"
    />
    <button
      type="submit"
    >
      Search:
    </button>
  </form>
  <div>
    <button
      className=""
      onClick={[Function]}
      type="button"
    >
      More
    </button>
  </div>
</div>
`;
